// Jest Snapshot v1, https://goo.gl/fbAQLP

exports[`CostCalculator should match a snapshot 1`] = `
<Formik
  enableReinitialize={true}
  initialValues={
    Object {
      "apiCalls": "",
      "endpointsUsed": "",
    }
  }
  onSubmit={[Function]}
  validate={[Function]}
>
  <Form>
    <Component>
      <Component
        className="is-one-quarter"
      >
        <Component>
          Endpoints Used
        </Component>
      </Component>
      <Component>
        <Component
          id="endpointsUsed"
          name="endpointsUsed"
          options={
            Array [
              Object {
                "label": "Please select",
                "value": "",
              },
              Object {
                "label": "1-5",
                "value": "tier1",
              },
              Object {
                "label": "6-10",
                "value": "tier2",
              },
              Object {
                "label": "11-20",
                "value": "tier3",
              },
              Object {
                "label": "21-30",
                "value": "tier4",
              },
              Object {
                "label": "31-40",
                "value": "tier5",
              },
              Object {
                "label": "41-50",
                "value": "tier6",
              },
              Object {
                "label": "50+",
                "value": "tier7",
              },
            ]
          }
        />
      </Component>
    </Component>
    <Component>
      <Component
        className="is-one-quarter"
      >
        <Component>
          Monthly API Calls
        </Component>
      </Component>
      <Component>
        <Component
          id="apiCalls"
          name="apiCalls"
          placeholder="Please enter a number"
          type="text"
        />
      </Component>
    </Component>
    <Component>
      <Component
        onClick={[Function]}
        type="button"
        variant="danger"
      >
        clear
      </Component>
      <Component
        type="submit"
        variant="primary"
      >
        Calculate
      </Component>
    </Component>
  </Form>
</Formik>
`;
